Audit: {'timestamp': '2026-05-30T03:12:55.662441+00:00', 'user': 'alert_user', 'action': 'CREATE', 'model': 'Case', 'object_id': '2', 'description': 'Case créé', 'success': True, 'reason': None}
Audit: {'timestamp': '2026-05-30T03:12:55.666351+00:00', 'user': 'alert_user', 'action': 'ALERT', 'model': 'Case', 'object_id': '2', 'description': 'Évaluation du risque pour le dossier 2: HIGH', 'success': True, 'reason': 'ABSENCES GTE 20.00 -> HIGH: Absences très fréquentes (>=20); ABSENCES GTE 10.00 -> MEDIUM: Absences fréquentes (>=10)'}
Audit: {'timestamp': '2026-05-30T03:12:56.668359+00:00', 'user': 'alert_user', 'action': 'CREATE', 'model': 'Case', 'object_id': '2', 'description': 'Case créé', 'success': True, 'reason': None}
Audit: {'timestamp': '2026-05-30T03:12:56.673028+00:00', 'user': 'alert_user', 'action': 'ALERT', 'model': 'Case', 'object_id': '2', 'description': 'Évaluation du risque pour le dossier 2: HIGH', 'success': True, 'reason': 'ABSENCES GTE 20.00 -> HIGH: Absences très fréquentes (>=20); ABSENCES GTE 10.00 -> MEDIUM: Absences fréquentes (>=10)'}
Audit: {'timestamp': '2026-05-30T03:12:57.638775+00:00', 'user': 'alert_user', 'action': 'CREATE', 'model': 'Case', 'object_id': '2', 'description': 'Case créé', 'success': True, 'reason': None}
Audit: {'timestamp': '2026-05-30T03:12:57.641433+00:00', 'user': 'alert_user', 'action': 'ALERT', 'model': 'Case', 'object_id': '2', 'description': 'Évaluation du risque pour le dossier 2: HIGH', 'success': True, 'reason': 'ABSENCES GTE 20.00 -> HIGH: Absences très fréquentes (>=20); ABSENCES GTE 10.00 -> MEDIUM: Absences fréquentes (>=10)'}
Audit: {'timestamp': '2026-05-30T03:12:57.646784+00:00', 'user': 'alert_user', 'action': 'UPDATE', 'model': 'Alert', 'object_id': '2', 'description': 'Alerte résolue: 2', 'success': True, 'reason': None}
Audit: {'timestamp': '2026-05-30T03:12:58.123574+00:00', 'user': 'case_user', 'action': 'ALERT', 'model': 'Case', 'object_id': '1', 'description': 'Consultation dossier 1', 'success': True, 'reason': None}
Audit: {'timestamp': '2026-05-30T03:12:58.599936+00:00', 'user': 'case_user', 'action': 'CREATE', 'model': 'Case', 'object_id': '1', 'description': 'Case créé', 'success': True, 'reason': None}
Audit: {'timestamp': '2026-05-30T03:12:58.601440+00:00', 'user': 'case_user', 'action': 'ALERT', 'model': 'Case', 'object_id': '1', 'description': 'Évaluation du risque pour le dossier 1: LOW', 'success': True, 'reason': None}
Audit: {'timestamp': '2026-05-30T03:12:59.081148+00:00', 'user': 'case_user', 'action': 'CREATE', 'model': 'Case', 'object_id': '1', 'description': 'Case créé', 'success': True, 'reason': None}
Audit: {'timestamp': '2026-05-30T03:12:59.084008+00:00', 'user': 'case_user', 'action': 'ALERT', 'model': 'Case', 'object_id': '1', 'description': 'Évaluation du risque pour le dossier 1: HIGH', 'success': True, 'reason': 'ABSENCES GTE 20.00 -> HIGH: Absences très fréquentes (>=20); ABSENCES GTE 10.00 -> MEDIUM: Absences fréquentes (>=10)'}
Audit FAILURE: {'timestamp': '2026-05-30T03:13:00.519618+00:00', 'user': 'sup_api', 'action': 'UPDATE', 'model': 'Case', 'object_id': '1', 'description': 'Échec transition 1', 'success': False, 'reason': "['Transition invalide: impossible de passer de NEW à CLOSED.']"}
Audit FAILURE: {'timestamp': '2026-05-30T03:13:02.428782+00:00', 'user': 'sup_api', 'action': 'UPDATE', 'model': 'Case', 'object_id': '1', 'description': 'Transition invalide payload pour 1', 'success': False, 'reason': "{'non_field_errors': [ErrorDetail(string='Si une recommandation est fournie, une explication est requise.', code='invalid')]}"}
Audit: {'timestamp': '2026-05-30T03:13:03.380804+00:00', 'user': 'sup_api', 'action': 'UPDATE', 'model': 'Case', 'object_id': '1', 'description': 'Transition effectuée 1: ASSESSMENT', 'success': True, 'reason': None}
Audit: {'timestamp': '2026-05-30T03:13:04.341480+00:00', 'user': 'sup_api', 'action': 'UPDATE', 'model': 'Case', 'object_id': '1', 'description': 'Transition effectuée 1: ASSESSMENT', 'success': True, 'reason': None}
Audit FAILURE: {'timestamp': '2026-05-30T03:13:05.332632+00:00', 'user': 'sup_api', 'action': 'UPDATE', 'model': 'Case', 'object_id': '1', 'description': 'Transition invalide payload pour 1', 'success': False, 'reason': "{'reason': [ErrorDetail(string='Assurez-vous que ce champ comporte au moins 5\\xa0caractères.', code='min_length')]}"}
Audit: {'timestamp': '2026-05-30T03:13:05.810213+00:00', 'user': 'dash', 'action': 'ALERT', 'model': 'Dashboard', 'object_id': None, 'description': 'Récupération dashboard stats', 'success': True, 'reason': None}
Audit: {'timestamp': '2026-05-30T03:13:08.707200+00:00', 'user': 'api_user', 'action': 'CREATE', 'model': 'Student', 'object_id': '1', 'description': 'Student créé: 1', 'success': True, 'reason': None}
Audit: {'timestamp': '2026-05-30T03:13:10.146757+00:00', 'user': 'auditor', 'action': 'CREATE', 'model': 'Case', 'object_id': '1', 'description': 'Test create', 'success': True, 'reason': None}
Audit: {'timestamp': '2026-05-30T03:13:10.624628+00:00', 'user': 'auditor', 'action': 'DELETE', 'model': 'Case', 'object_id': '3', 'description': 'Del', 'success': True, 'reason': None}
Audit FAILURE: {'timestamp': '2026-05-30T03:13:11.098191+00:00', 'user': 'auditor', 'action': 'UPDATE', 'model': 'Case', 'object_id': '2', 'description': 'Fail', 'success': False, 'reason': 'insuffisant'}
Audit: {'timestamp': '2026-05-30T03:13:13.006780+00:00', 'user': 'importer', 'action': 'IMPORT', 'model': 'Student', 'object_id': None, 'description': 'Import CSV type=EDUCATION: total=2, imported=2, errors=0', 'success': True, 'reason': None}
Audit: {'timestamp': '2026-05-30T03:13:19.435091+00:00', 'user': 'nurse', 'action': 'ALERT', 'model': 'Case', 'object_id': '1', 'description': 'Alerte séances manquées pour le dossier 1: 2 séances manquées (seuil=2).', 'success': True, 'reason': None}
Audit: {'timestamp': '2026-05-30T03:13:20.135824+00:00', 'user': 'nurse', 'action': 'ALERT', 'model': 'Case', 'object_id': '1', 'description': 'Alerte séances manquées pour le dossier 1: 2 séances manquées (seuil=2).', 'success': True, 'reason': None}
Audit: {'timestamp': '2026-05-30T03:13:20.739462+00:00', 'user': 'nurse', 'action': 'ALERT', 'model': 'Case', 'object_id': '1', 'description': 'Alerte séances manquées pour le dossier 1: 2 séances manquées (seuil=2).', 'success': True, 'reason': None}
Audit: {'timestamp': '2026-05-30T03:13:22.600887+00:00', 'user': 'analyst', 'action': 'ALERT', 'model': 'Case', 'object_id': '1', 'description': 'Évaluation du risque pour le dossier 1: HIGH', 'success': True, 'reason': 'ABSENCES GTE 20.00 -> HIGH: Absences très fréquentes (>=20); ABSENCES GTE 10.00 -> MEDIUM: Absences fréquentes (>=10)'}
Audit: {'timestamp': '2026-05-30T03:13:25.616539+00:00', 'user': 'analyst', 'action': 'ALERT', 'model': 'Case', 'object_id': '1', 'description': 'Évaluation du risque pour le dossier 1: MEDIUM', 'success': True, 'reason': 'ABSENCES GTE 10.00 -> MEDIUM: Absences fréquentes (>=10)'}
Audit: {'timestamp': '2026-05-30T12:16:23.094021+00:00', 'user': 'alert_user', 'action': 'CREATE', 'model': 'Case', 'object_id': '2', 'description': 'Case créé', 'success': True, 'reason': None}
Audit: {'timestamp': '2026-05-30T12:16:23.101054+00:00', 'user': 'alert_user', 'action': 'ALERT', 'model': 'Case', 'object_id': '2', 'description': 'Évaluation du risque pour le dossier 2: HIGH', 'success': True, 'reason': 'ABSENCES GTE 20.00 -> HIGH: Absences très fréquentes (>=20); ABSENCES GTE 10.00 -> MEDIUM: Absences fréquentes (>=10)'}
Audit: {'timestamp': '2026-05-30T12:16:24.306010+00:00', 'user': 'alert_user', 'action': 'CREATE', 'model': 'Case', 'object_id': '2', 'description': 'Case créé', 'success': True, 'reason': None}
Audit: {'timestamp': '2026-05-30T12:16:24.309729+00:00', 'user': 'alert_user', 'action': 'ALERT', 'model': 'Case', 'object_id': '2', 'description': 'Évaluation du risque pour le dossier 2: HIGH', 'success': True, 'reason': 'ABSENCES GTE 20.00 -> HIGH: Absences très fréquentes (>=20); ABSENCES GTE 10.00 -> MEDIUM: Absences fréquentes (>=10)'}
Audit: {'timestamp': '2026-05-30T12:16:25.492760+00:00', 'user': 'alert_user', 'action': 'CREATE', 'model': 'Case', 'object_id': '2', 'description': 'Case créé', 'success': True, 'reason': None}
Audit: {'timestamp': '2026-05-30T12:16:25.496164+00:00', 'user': 'alert_user', 'action': 'ALERT', 'model': 'Case', 'object_id': '2', 'description': 'Évaluation du risque pour le dossier 2: HIGH', 'success': True, 'reason': 'ABSENCES GTE 20.00 -> HIGH: Absences très fréquentes (>=20); ABSENCES GTE 10.00 -> MEDIUM: Absences fréquentes (>=10)'}
Audit: {'timestamp': '2026-05-30T12:16:25.502885+00:00', 'user': 'alert_user', 'action': 'UPDATE', 'model': 'Alert', 'object_id': '2', 'description': 'Alerte résolue: 2', 'success': True, 'reason': None}
Audit: {'timestamp': '2026-05-30T12:16:26.066393+00:00', 'user': 'case_user', 'action': 'ALERT', 'model': 'Case', 'object_id': '1', 'description': 'Consultation dossier 1', 'success': True, 'reason': None}
Audit: {'timestamp': '2026-05-30T12:16:26.658176+00:00', 'user': 'case_user', 'action': 'CREATE', 'model': 'Case', 'object_id': '1', 'description': 'Case créé', 'success': True, 'reason': None}
Audit: {'timestamp': '2026-05-30T12:16:26.660107+00:00', 'user': 'case_user', 'action': 'ALERT', 'model': 'Case', 'object_id': '1', 'description': 'Évaluation du risque pour le dossier 1: LOW', 'success': True, 'reason': None}
Audit: {'timestamp': '2026-05-30T12:16:27.552523+00:00', 'user': 'case_user', 'action': 'CREATE', 'model': 'Case', 'object_id': '1', 'description': 'Case créé', 'success': True, 'reason': None}
Audit: {'timestamp': '2026-05-30T12:16:27.559046+00:00', 'user': 'case_user', 'action': 'ALERT', 'model': 'Case', 'object_id': '1', 'description': 'Évaluation du risque pour le dossier 1: HIGH', 'success': True, 'reason': 'ABSENCES GTE 20.00 -> HIGH: Absences très fréquentes (>=20); ABSENCES GTE 10.00 -> MEDIUM: Absences fréquentes (>=10)'}
Audit FAILURE: {'timestamp': '2026-05-30T12:16:30.530417+00:00', 'user': 'sup_api', 'action': 'UPDATE', 'model': 'Case', 'object_id': '1', 'description': 'Échec transition 1', 'success': False, 'reason': "['Transition invalide: impossible de passer de NEW à CLOSED.']"}
Audit FAILURE: {'timestamp': '2026-05-30T12:16:34.427157+00:00', 'user': 'sup_api', 'action': 'UPDATE', 'model': 'Case', 'object_id': '1', 'description': 'Transition invalide payload pour 1', 'success': False, 'reason': "{'non_field_errors': [ErrorDetail(string='Si une recommandation est fournie, une explication est requise.', code='invalid')]}"}
Audit: {'timestamp': '2026-05-30T12:16:36.399007+00:00', 'user': 'sup_api', 'action': 'UPDATE', 'model': 'Case', 'object_id': '1', 'description': 'Transition effectuée 1: ASSESSMENT', 'success': True, 'reason': None}
Audit: {'timestamp': '2026-05-30T12:16:38.337125+00:00', 'user': 'sup_api', 'action': 'UPDATE', 'model': 'Case', 'object_id': '1', 'description': 'Transition effectuée 1: ASSESSMENT', 'success': True, 'reason': None}
Audit FAILURE: {'timestamp': '2026-05-30T12:16:40.293601+00:00', 'user': 'sup_api', 'action': 'UPDATE', 'model': 'Case', 'object_id': '1', 'description': 'Transition invalide payload pour 1', 'success': False, 'reason': "{'reason': [ErrorDetail(string='Assurez-vous que ce champ comporte au moins 5\\xa0caractères.', code='min_length')]}"}
Audit: {'timestamp': '2026-05-30T12:16:41.266693+00:00', 'user': 'dash', 'action': 'ALERT', 'model': 'Dashboard', 'object_id': None, 'description': 'Récupération dashboard stats', 'success': True, 'reason': None}
Audit: {'timestamp': '2026-05-30T12:16:47.302567+00:00', 'user': 'api_user', 'action': 'CREATE', 'model': 'Student', 'object_id': '1', 'description': 'Student créé: 1', 'success': True, 'reason': None}
Audit: {'timestamp': '2026-05-30T12:16:50.297712+00:00', 'user': 'auditor', 'action': 'CREATE', 'model': 'Case', 'object_id': '1', 'description': 'Test create', 'success': True, 'reason': None}
Audit: {'timestamp': '2026-05-30T12:16:51.311225+00:00', 'user': 'auditor', 'action': 'DELETE', 'model': 'Case', 'object_id': '3', 'description': 'Del', 'success': True, 'reason': None}
Audit FAILURE: {'timestamp': '2026-05-30T12:16:52.301751+00:00', 'user': 'auditor', 'action': 'UPDATE', 'model': 'Case', 'object_id': '2', 'description': 'Fail', 'success': False, 'reason': 'insuffisant'}
Audit: {'timestamp': '2026-05-30T12:16:56.253602+00:00', 'user': 'importer', 'action': 'IMPORT', 'model': 'Student', 'object_id': None, 'description': 'Import CSV type=EDUCATION: total=2, imported=2, errors=0', 'success': True, 'reason': None}
Audit: {'timestamp': '2026-05-30T12:17:09.018595+00:00', 'user': 'nurse', 'action': 'ALERT', 'model': 'Case', 'object_id': '1', 'description': 'Alerte séances manquées pour le dossier 1: 2 séances manquées (seuil=2).', 'success': True, 'reason': None}
Audit: {'timestamp': '2026-05-30T12:17:09.971780+00:00', 'user': 'nurse', 'action': 'ALERT', 'model': 'Case', 'object_id': '1', 'description': 'Alerte séances manquées pour le dossier 1: 2 séances manquées (seuil=2).', 'success': True, 'reason': None}
Audit: {'timestamp': '2026-05-30T12:17:10.907024+00:00', 'user': 'nurse', 'action': 'ALERT', 'model': 'Case', 'object_id': '1', 'description': 'Alerte séances manquées pour le dossier 1: 2 séances manquées (seuil=2).', 'success': True, 'reason': None}
Audit: {'timestamp': '2026-05-30T12:17:13.728004+00:00', 'user': 'analyst', 'action': 'ALERT', 'model': 'Case', 'object_id': '1', 'description': 'Évaluation du risque pour le dossier 1: HIGH', 'success': True, 'reason': 'ABSENCES GTE 20.00 -> HIGH: Absences très fréquentes (>=20); ABSENCES GTE 10.00 -> MEDIUM: Absences fréquentes (>=10)'}
Audit: {'timestamp': '2026-05-30T12:17:18.580348+00:00', 'user': 'analyst', 'action': 'ALERT', 'model': 'Case', 'object_id': '1', 'description': 'Évaluation du risque pour le dossier 1: MEDIUM', 'success': True, 'reason': 'ABSENCES GTE 10.00 -> MEDIUM: Absences fréquentes (>=10)'}
Audit: {'timestamp': '2026-05-30T12:24:30.762872+00:00', 'user': 'alert_user', 'action': 'CREATE', 'model': 'Case', 'object_id': '2', 'description': 'Case créé', 'success': True, 'reason': None}
Audit: {'timestamp': '2026-05-30T12:24:30.770486+00:00', 'user': 'alert_user', 'action': 'ALERT', 'model': 'Case', 'object_id': '2', 'description': 'Évaluation du risque pour le dossier 2: HIGH', 'success': True, 'reason': 'ABSENCES GTE 20.00 -> HIGH: Absences très fréquentes (>=20); ABSENCES GTE 10.00 -> MEDIUM: Absences fréquentes (>=10)'}
Audit: {'timestamp': '2026-05-30T12:24:32.168979+00:00', 'user': 'alert_user', 'action': 'CREATE', 'model': 'Case', 'object_id': '2', 'description': 'Case créé', 'success': True, 'reason': None}
Audit: {'timestamp': '2026-05-30T12:24:32.173176+00:00', 'user': 'alert_user', 'action': 'ALERT', 'model': 'Case', 'object_id': '2', 'description': 'Évaluation du risque pour le dossier 2: HIGH', 'success': True, 'reason': 'ABSENCES GTE 20.00 -> HIGH: Absences très fréquentes (>=20); ABSENCES GTE 10.00 -> MEDIUM: Absences fréquentes (>=10)'}
Audit: {'timestamp': '2026-05-30T12:24:33.404675+00:00', 'user': 'alert_user', 'action': 'CREATE', 'model': 'Case', 'object_id': '2', 'description': 'Case créé', 'success': True, 'reason': None}
Audit: {'timestamp': '2026-05-30T12:24:33.407658+00:00', 'user': 'alert_user', 'action': 'ALERT', 'model': 'Case', 'object_id': '2', 'description': 'Évaluation du risque pour le dossier 2: HIGH', 'success': True, 'reason': 'ABSENCES GTE 20.00 -> HIGH: Absences très fréquentes (>=20); ABSENCES GTE 10.00 -> MEDIUM: Absences fréquentes (>=10)'}
Audit: {'timestamp': '2026-05-30T12:24:33.415117+00:00', 'user': 'alert_user', 'action': 'UPDATE', 'model': 'Alert', 'object_id': '2', 'description': 'Alerte résolue: 2', 'success': True, 'reason': None}
Audit: {'timestamp': '2026-05-30T12:24:34.020024+00:00', 'user': 'case_user', 'action': 'ALERT', 'model': 'Case', 'object_id': '1', 'description': 'Consultation dossier 1', 'success': True, 'reason': None}
Audit: {'timestamp': '2026-05-30T12:24:35.156481+00:00', 'user': 'case_user', 'action': 'CREATE', 'model': 'Case', 'object_id': '1', 'description': 'Case créé', 'success': True, 'reason': None}
Audit: {'timestamp': '2026-05-30T12:24:35.159890+00:00', 'user': 'case_user', 'action': 'ALERT', 'model': 'Case', 'object_id': '1', 'description': 'Évaluation du risque pour le dossier 1: HIGH', 'success': True, 'reason': 'ABSENCES GTE 20.00 -> HIGH: Absences très fréquentes (>=20); ABSENCES GTE 10.00 -> MEDIUM: Absences fréquentes (>=10)'}
Audit FAILURE: {'timestamp': '2026-05-30T12:24:36.833486+00:00', 'user': 'sup_api', 'action': 'UPDATE', 'model': 'Case', 'object_id': '1', 'description': 'Échec transition 1', 'success': False, 'reason': "['Transition invalide: impossible de passer de NEW à CLOSED.']"}
Audit FAILURE: {'timestamp': '2026-05-30T12:24:39.075018+00:00', 'user': 'sup_api', 'action': 'UPDATE', 'model': 'Case', 'object_id': '1', 'description': 'Transition invalide payload pour 1', 'success': False, 'reason': "{'non_field_errors': [ErrorDetail(string='Si une recommandation est fournie, une explication est requise.', code='invalid')]}"}
Audit: {'timestamp': '2026-05-30T12:24:40.654403+00:00', 'user': 'sup_api', 'action': 'UPDATE', 'model': 'Case', 'object_id': '1', 'description': 'Transition effectuée 1: ASSESSMENT', 'success': True, 'reason': None}
Audit: {'timestamp': '2026-05-30T12:24:42.611903+00:00', 'user': 'sup_api', 'action': 'UPDATE', 'model': 'Case', 'object_id': '1', 'description': 'Transition effectuée 1: ASSESSMENT', 'success': True, 'reason': None}
Audit FAILURE: {'timestamp': '2026-05-30T12:24:44.655157+00:00', 'user': 'sup_api', 'action': 'UPDATE', 'model': 'Case', 'object_id': '1', 'description': 'Transition invalide payload pour 1', 'success': False, 'reason': "{'reason': [ErrorDetail(string='Assurez-vous que ce champ comporte au moins 5\\xa0caractères.', code='min_length')]}"}
Audit: {'timestamp': '2026-05-30T12:24:45.662823+00:00', 'user': 'dash', 'action': 'ALERT', 'model': 'Dashboard', 'object_id': None, 'description': 'Récupération dashboard stats', 'success': True, 'reason': None}
Audit: {'timestamp': '2026-05-30T12:24:51.664657+00:00', 'user': 'api_user', 'action': 'CREATE', 'model': 'Student', 'object_id': '1', 'description': 'Student créé: 1', 'success': True, 'reason': None}
Audit: {'timestamp': '2026-05-30T12:24:54.625477+00:00', 'user': 'auditor', 'action': 'CREATE', 'model': 'Case', 'object_id': '1', 'description': 'Test create', 'success': True, 'reason': None}
Audit: {'timestamp': '2026-05-30T12:24:55.588501+00:00', 'user': 'auditor', 'action': 'DELETE', 'model': 'Case', 'object_id': '3', 'description': 'Del', 'success': True, 'reason': None}
Audit FAILURE: {'timestamp': '2026-05-30T12:24:56.589369+00:00', 'user': 'auditor', 'action': 'UPDATE', 'model': 'Case', 'object_id': '2', 'description': 'Fail', 'success': False, 'reason': 'insuffisant'}
Audit: {'timestamp': '2026-05-30T12:25:00.563561+00:00', 'user': 'importer', 'action': 'IMPORT', 'model': 'Student', 'object_id': None, 'description': 'Import CSV type=EDUCATION: total=2, imported=2, errors=0', 'success': True, 'reason': None}
Audit: {'timestamp': '2026-05-30T12:25:13.757776+00:00', 'user': 'nurse', 'action': 'ALERT', 'model': 'Case', 'object_id': '1', 'description': 'Alerte séances manquées pour le dossier 1: 2 séances manquées (seuil=2).', 'success': True, 'reason': None}
Audit: {'timestamp': '2026-05-30T12:25:14.795682+00:00', 'user': 'nurse', 'action': 'ALERT', 'model': 'Case', 'object_id': '1', 'description': 'Alerte séances manquées pour le dossier 1: 2 séances manquées (seuil=2).', 'success': True, 'reason': None}
Audit: {'timestamp': '2026-05-30T12:25:15.785050+00:00', 'user': 'nurse', 'action': 'ALERT', 'model': 'Case', 'object_id': '1', 'description': 'Alerte séances manquées pour le dossier 1: 2 séances manquées (seuil=2).', 'success': True, 'reason': None}
Audit: {'timestamp': '2026-05-30T12:25:18.786822+00:00', 'user': 'analyst', 'action': 'ALERT', 'model': 'Case', 'object_id': '1', 'description': 'Évaluation du risque pour le dossier 1: HIGH', 'success': True, 'reason': 'ABSENCES GTE 20.00 -> HIGH: Absences très fréquentes (>=20); ABSENCES GTE 10.00 -> MEDIUM: Absences fréquentes (>=10)'}
Audit: {'timestamp': '2026-05-30T12:25:23.668102+00:00', 'user': 'analyst', 'action': 'ALERT', 'model': 'Case', 'object_id': '1', 'description': 'Évaluation du risque pour le dossier 1: MEDIUM', 'success': True, 'reason': 'ABSENCES GTE 10.00 -> MEDIUM: Absences fréquentes (>=10)'}
Audit: {'timestamp': '2026-05-30T12:28:51.037622+00:00', 'user': 'alert_user', 'action': 'CREATE', 'model': 'Case', 'object_id': '2', 'description': 'Case créé', 'success': True, 'reason': None}
Audit: {'timestamp': '2026-05-30T12:28:51.043202+00:00', 'user': 'alert_user', 'action': 'ALERT', 'model': 'Case', 'object_id': '2', 'description': 'Évaluation du risque pour le dossier 2: HIGH', 'success': True, 'reason': 'ABSENCES GTE 20.00 -> HIGH: Absences très fréquentes (>=20); ABSENCES GTE 10.00 -> MEDIUM: Absences fréquentes (>=10)'}
Audit: {'timestamp': '2026-05-30T12:28:52.434671+00:00', 'user': 'alert_user', 'action': 'CREATE', 'model': 'Case', 'object_id': '2', 'description': 'Case créé', 'success': True, 'reason': None}
Audit: {'timestamp': '2026-05-30T12:28:52.438755+00:00', 'user': 'alert_user', 'action': 'ALERT', 'model': 'Case', 'object_id': '2', 'description': 'Évaluation du risque pour le dossier 2: HIGH', 'success': True, 'reason': 'ABSENCES GTE 20.00 -> HIGH: Absences très fréquentes (>=20); ABSENCES GTE 10.00 -> MEDIUM: Absences fréquentes (>=10)'}
Audit: {'timestamp': '2026-05-30T12:28:53.581028+00:00', 'user': 'alert_user', 'action': 'CREATE', 'model': 'Case', 'object_id': '2', 'description': 'Case créé', 'success': True, 'reason': None}
Audit: {'timestamp': '2026-05-30T12:28:53.584933+00:00', 'user': 'alert_user', 'action': 'ALERT', 'model': 'Case', 'object_id': '2', 'description': 'Évaluation du risque pour le dossier 2: HIGH', 'success': True, 'reason': 'ABSENCES GTE 20.00 -> HIGH: Absences très fréquentes (>=20); ABSENCES GTE 10.00 -> MEDIUM: Absences fréquentes (>=10)'}
Audit: {'timestamp': '2026-05-30T12:28:53.592008+00:00', 'user': 'alert_user', 'action': 'UPDATE', 'model': 'Alert', 'object_id': '2', 'description': 'Alerte résolue: 2', 'success': True, 'reason': None}
Audit: {'timestamp': '2026-05-30T12:28:54.209024+00:00', 'user': 'case_user', 'action': 'ALERT', 'model': 'Case', 'object_id': '1', 'description': 'Consultation dossier 1', 'success': True, 'reason': None}
Audit: {'timestamp': '2026-05-30T12:28:55.407173+00:00', 'user': 'case_user', 'action': 'CREATE', 'model': 'Case', 'object_id': '1', 'description': 'Case créé', 'success': True, 'reason': None}
Audit: {'timestamp': '2026-05-30T12:28:55.410239+00:00', 'user': 'case_user', 'action': 'ALERT', 'model': 'Case', 'object_id': '1', 'description': 'Évaluation du risque pour le dossier 1: HIGH', 'success': True, 'reason': 'ABSENCES GTE 20.00 -> HIGH: Absences très fréquentes (>=20); ABSENCES GTE 10.00 -> MEDIUM: Absences fréquentes (>=10)'}
Audit FAILURE: {'timestamp': '2026-05-30T12:28:57.167511+00:00', 'user': 'sup_api', 'action': 'UPDATE', 'model': 'Case', 'object_id': '1', 'description': 'Échec transition 1', 'success': False, 'reason': "['Transition invalide: impossible de passer de NEW à CLOSED.']"}
Audit FAILURE: {'timestamp': '2026-05-30T12:28:59.513815+00:00', 'user': 'sup_api', 'action': 'UPDATE', 'model': 'Case', 'object_id': '1', 'description': 'Transition invalide payload pour 1', 'success': False, 'reason': "{'non_field_errors': [ErrorDetail(string='Si une recommandation est fournie, une explication est requise.', code='invalid')]}"}
Audit: {'timestamp': '2026-05-30T12:29:00.687936+00:00', 'user': 'sup_api', 'action': 'UPDATE', 'model': 'Case', 'object_id': '1', 'description': 'Transition effectuée 1: ASSESSMENT', 'success': True, 'reason': None}
Audit: {'timestamp': '2026-05-30T12:29:01.866055+00:00', 'user': 'sup_api', 'action': 'UPDATE', 'model': 'Case', 'object_id': '1', 'description': 'Transition effectuée 1: ASSESSMENT', 'success': True, 'reason': None}
Audit FAILURE: {'timestamp': '2026-05-30T12:29:03.022880+00:00', 'user': 'sup_api', 'action': 'UPDATE', 'model': 'Case', 'object_id': '1', 'description': 'Transition invalide payload pour 1', 'success': False, 'reason': "{'reason': [ErrorDetail(string='Assurez-vous que ce champ comporte au moins 5\\xa0caractères.', code='min_length')]}"}
Audit: {'timestamp': '2026-05-30T12:29:03.605600+00:00', 'user': 'dash', 'action': 'ALERT', 'model': 'Dashboard', 'object_id': None, 'description': 'Récupération dashboard stats', 'success': True, 'reason': None}
Audit: {'timestamp': '2026-05-30T12:29:04.263699+00:00', 'user': 'hr_user', 'action': 'CREATE', 'model': 'HealthRecord', 'object_id': '1', 'description': 'HealthRecord créé 1', 'success': True, 'reason': None}
Audit: {'timestamp': '2026-05-30T12:29:05.511672+00:00', 'user': 'hr_user', 'action': 'CREATE', 'model': 'HealthRecord', 'object_id': '1', 'description': 'HealthRecord créé 1', 'success': True, 'reason': None}
Audit: {'timestamp': '2026-05-30T12:29:05.516226+00:00', 'user': 'hr_user', 'action': 'CREATE', 'model': 'HealthRecord', 'object_id': '2', 'description': 'HealthRecord créé 2', 'success': True, 'reason': None}
Audit: {'timestamp': '2026-05-30T12:29:05.518710+00:00', 'user': 'hr_user', 'action': 'ALERT', 'model': 'Case', 'object_id': '1', 'description': 'Alerte séances manquées pour le dossier 1: 2 séances manquées (seuil=2).', 'success': True, 'reason': None}
Audit: {'timestamp': '2026-05-30T12:29:07.283513+00:00', 'user': 'api_user', 'action': 'CREATE', 'model': 'Student', 'object_id': '1', 'description': 'Student créé: 1', 'success': True, 'reason': None}
Audit: {'timestamp': '2026-05-30T12:29:09.021138+00:00', 'user': 'auditor', 'action': 'CREATE', 'model': 'Case', 'object_id': '1', 'description': 'Test create', 'success': True, 'reason': None}
Audit: {'timestamp': '2026-05-30T12:29:09.602236+00:00', 'user': 'auditor', 'action': 'DELETE', 'model': 'Case', 'object_id': '3', 'description': 'Del', 'success': True, 'reason': None}
Audit FAILURE: {'timestamp': '2026-05-30T12:29:10.191588+00:00', 'user': 'auditor', 'action': 'UPDATE', 'model': 'Case', 'object_id': '2', 'description': 'Fail', 'success': False, 'reason': 'insuffisant'}
Audit: {'timestamp': '2026-05-30T12:29:12.476850+00:00', 'user': 'importer', 'action': 'IMPORT', 'model': 'Student', 'object_id': None, 'description': 'Import CSV type=EDUCATION: total=2, imported=2, errors=0', 'success': True, 'reason': None}
Audit: {'timestamp': '2026-05-30T12:29:20.046933+00:00', 'user': 'nurse', 'action': 'ALERT', 'model': 'Case', 'object_id': '1', 'description': 'Alerte séances manquées pour le dossier 1: 2 séances manquées (seuil=2).', 'success': True, 'reason': None}
Audit: {'timestamp': '2026-05-30T12:29:20.639357+00:00', 'user': 'nurse', 'action': 'ALERT', 'model': 'Case', 'object_id': '1', 'description': 'Alerte séances manquées pour le dossier 1: 2 séances manquées (seuil=2).', 'success': True, 'reason': None}
Audit: {'timestamp': '2026-05-30T12:29:21.238536+00:00', 'user': 'nurse', 'action': 'ALERT', 'model': 'Case', 'object_id': '1', 'description': 'Alerte séances manquées pour le dossier 1: 2 séances manquées (seuil=2).', 'success': True, 'reason': None}
Audit: {'timestamp': '2026-05-30T12:29:23.005259+00:00', 'user': 'analyst', 'action': 'ALERT', 'model': 'Case', 'object_id': '1', 'description': 'Évaluation du risque pour le dossier 1: HIGH', 'success': True, 'reason': 'ABSENCES GTE 20.00 -> HIGH: Absences très fréquentes (>=20); ABSENCES GTE 10.00 -> MEDIUM: Absences fréquentes (>=10)'}
Audit: {'timestamp': '2026-05-30T12:29:25.932318+00:00', 'user': 'analyst', 'action': 'ALERT', 'model': 'Case', 'object_id': '1', 'description': 'Évaluation du risque pour le dossier 1: MEDIUM', 'success': True, 'reason': 'ABSENCES GTE 10.00 -> MEDIUM: Absences fréquentes (>=10)'}
Audit: {'timestamp': '2026-05-30T12:34:31.168027+00:00', 'user': 'alert_user', 'action': 'CREATE', 'model': 'Case', 'object_id': '2', 'description': 'Case créé', 'success': True, 'reason': None}
Audit: {'timestamp': '2026-05-30T12:34:31.173931+00:00', 'user': 'alert_user', 'action': 'ALERT', 'model': 'Case', 'object_id': '2', 'description': 'Évaluation du risque pour le dossier 2: HIGH', 'success': True, 'reason': 'ABSENCES GTE 20.00 -> HIGH: Absences très fréquentes (>=20); ABSENCES GTE 10.00 -> MEDIUM: Absences fréquentes (>=10)'}
Audit: {'timestamp': '2026-05-30T12:34:32.618257+00:00', 'user': 'alert_user', 'action': 'CREATE', 'model': 'Case', 'object_id': '2', 'description': 'Case créé', 'success': True, 'reason': None}
Audit: {'timestamp': '2026-05-30T12:34:32.622212+00:00', 'user': 'alert_user', 'action': 'ALERT', 'model': 'Case', 'object_id': '2', 'description': 'Évaluation du risque pour le dossier 2: HIGH', 'success': True, 'reason': 'ABSENCES GTE 20.00 -> HIGH: Absences très fréquentes (>=20); ABSENCES GTE 10.00 -> MEDIUM: Absences fréquentes (>=10)'}
Audit: {'timestamp': '2026-05-30T12:34:33.872826+00:00', 'user': 'alert_user', 'action': 'CREATE', 'model': 'Case', 'object_id': '2', 'description': 'Case créé', 'success': True, 'reason': None}
Audit: {'timestamp': '2026-05-30T12:34:33.875773+00:00', 'user': 'alert_user', 'action': 'ALERT', 'model': 'Case', 'object_id': '2', 'description': 'Évaluation du risque pour le dossier 2: HIGH', 'success': True, 'reason': 'ABSENCES GTE 20.00 -> HIGH: Absences très fréquentes (>=20); ABSENCES GTE 10.00 -> MEDIUM: Absences fréquentes (>=10)'}
Audit: {'timestamp': '2026-05-30T12:34:33.881760+00:00', 'user': 'alert_user', 'action': 'UPDATE', 'model': 'Alert', 'object_id': '2', 'description': 'Alerte résolue: 2', 'success': True, 'reason': None}
Audit: {'timestamp': '2026-05-30T12:34:34.483012+00:00', 'user': 'case_user', 'action': 'ALERT', 'model': 'Case', 'object_id': '1', 'description': 'Consultation dossier 1', 'success': True, 'reason': None}
Audit: {'timestamp': '2026-05-30T12:34:35.685208+00:00', 'user': 'case_user', 'action': 'CREATE', 'model': 'Case', 'object_id': '1', 'description': 'Case créé', 'success': True, 'reason': None}
Audit: {'timestamp': '2026-05-30T12:34:35.688286+00:00', 'user': 'case_user', 'action': 'ALERT', 'model': 'Case', 'object_id': '1', 'description': 'Évaluation du risque pour le dossier 1: HIGH', 'success': True, 'reason': 'ABSENCES GTE 20.00 -> HIGH: Absences très fréquentes (>=20); ABSENCES GTE 10.00 -> MEDIUM: Absences fréquentes (>=10)'}
Audit FAILURE: {'timestamp': '2026-05-30T12:34:37.465665+00:00', 'user': 'sup_api', 'action': 'UPDATE', 'model': 'Case', 'object_id': '1', 'description': 'Échec transition 1', 'success': False, 'reason': "['Transition invalide: impossible de passer de NEW à CLOSED.']"}
Audit FAILURE: {'timestamp': '2026-05-30T12:34:39.841274+00:00', 'user': 'sup_api', 'action': 'UPDATE', 'model': 'Case', 'object_id': '1', 'description': 'Transition invalide payload pour 1', 'success': False, 'reason': "{'non_field_errors': [ErrorDetail(string='Si une recommandation est fournie, une explication est requise.', code='invalid')]}"}
Audit: {'timestamp': '2026-05-30T12:34:40.986993+00:00', 'user': 'sup_api', 'action': 'UPDATE', 'model': 'Case', 'object_id': '1', 'description': 'Transition effectuée 1: ASSESSMENT', 'success': True, 'reason': None}
Audit: {'timestamp': '2026-05-30T12:34:42.190933+00:00', 'user': 'sup_api', 'action': 'UPDATE', 'model': 'Case', 'object_id': '1', 'description': 'Transition effectuée 1: ASSESSMENT', 'success': True, 'reason': None}
Audit FAILURE: {'timestamp': '2026-05-30T12:34:43.394718+00:00', 'user': 'sup_api', 'action': 'UPDATE', 'model': 'Case', 'object_id': '1', 'description': 'Transition invalide payload pour 1', 'success': False, 'reason': "{'reason': [ErrorDetail(string='Assurez-vous que ce champ comporte au moins 5\\xa0caractères.', code='min_length')]}"}
Audit: {'timestamp': '2026-05-30T12:34:44.019097+00:00', 'user': 'dash', 'action': 'ALERT', 'model': 'Dashboard', 'object_id': None, 'description': 'Récupération dashboard stats', 'success': True, 'reason': None}
Audit: {'timestamp': '2026-05-30T12:34:44.591704+00:00', 'user': 'hr_user', 'action': 'CREATE', 'model': 'HealthRecord', 'object_id': '1', 'description': 'HealthRecord créé 1', 'success': True, 'reason': None}
Audit: {'timestamp': '2026-05-30T12:34:45.782139+00:00', 'user': 'hr_user', 'action': 'CREATE', 'model': 'HealthRecord', 'object_id': '1', 'description': 'HealthRecord créé 1', 'success': True, 'reason': None}
Audit: {'timestamp': '2026-05-30T12:34:45.787662+00:00', 'user': 'hr_user', 'action': 'CREATE', 'model': 'HealthRecord', 'object_id': '2', 'description': 'HealthRecord créé 2', 'success': True, 'reason': None}
Audit: {'timestamp': '2026-05-30T12:34:45.790236+00:00', 'user': 'hr_user', 'action': 'ALERT', 'model': 'Case', 'object_id': '1', 'description': 'Alerte séances manquées pour le dossier 1: 2 séances manquées (seuil=2).', 'success': True, 'reason': None}
Audit: {'timestamp': '2026-05-30T12:34:47.568734+00:00', 'user': 'api_user', 'action': 'CREATE', 'model': 'Student', 'object_id': '1', 'description': 'Student créé: 1', 'success': True, 'reason': None}
Audit: {'timestamp': '2026-05-30T12:34:49.342020+00:00', 'user': 'auditor', 'action': 'CREATE', 'model': 'Case', 'object_id': '1', 'description': 'Test create', 'success': True, 'reason': None}
Audit: {'timestamp': '2026-05-30T12:34:49.928310+00:00', 'user': 'auditor', 'action': 'DELETE', 'model': 'Case', 'object_id': '3', 'description': 'Del', 'success': True, 'reason': None}
Audit FAILURE: {'timestamp': '2026-05-30T12:34:50.514120+00:00', 'user': 'auditor', 'action': 'UPDATE', 'model': 'Case', 'object_id': '2', 'description': 'Fail', 'success': False, 'reason': 'insuffisant'}
Audit: {'timestamp': '2026-05-30T12:34:52.875388+00:00', 'user': 'importer', 'action': 'IMPORT', 'model': 'Student', 'object_id': None, 'description': 'Import CSV type=EDUCATION: total=2, imported=2, errors=0', 'success': True, 'reason': None}
Audit: {'timestamp': '2026-05-30T12:35:00.573974+00:00', 'user': 'nurse', 'action': 'ALERT', 'model': 'Case', 'object_id': '1', 'description': 'Alerte séances manquées pour le dossier 1: 2 séances manquées (seuil=2).', 'success': True, 'reason': None}
Audit: {'timestamp': '2026-05-30T12:35:01.140117+00:00', 'user': 'nurse', 'action': 'ALERT', 'model': 'Case', 'object_id': '1', 'description': 'Alerte séances manquées pour le dossier 1: 2 séances manquées (seuil=2).', 'success': True, 'reason': None}
Audit: {'timestamp': '2026-05-30T12:35:01.791696+00:00', 'user': 'nurse', 'action': 'ALERT', 'model': 'Case', 'object_id': '1', 'description': 'Alerte séances manquées pour le dossier 1: 2 séances manquées (seuil=2).', 'success': True, 'reason': None}
Audit: {'timestamp': '2026-05-30T12:35:03.598932+00:00', 'user': 'analyst', 'action': 'ALERT', 'model': 'Case', 'object_id': '1', 'description': 'Évaluation du risque pour le dossier 1: HIGH', 'success': True, 'reason': 'ABSENCES GTE 20.00 -> HIGH: Absences très fréquentes (>=20); ABSENCES GTE 10.00 -> MEDIUM: Absences fréquentes (>=10)'}
Audit: {'timestamp': '2026-05-30T12:35:06.591932+00:00', 'user': 'analyst', 'action': 'ALERT', 'model': 'Case', 'object_id': '1', 'description': 'Évaluation du risque pour le dossier 1: MEDIUM', 'success': True, 'reason': 'ABSENCES GTE 10.00 -> MEDIUM: Absences fréquentes (>=10)'}
Audit: {'timestamp': '2026-05-30T12:37:06.468009+00:00', 'user': 'alert_user', 'action': 'CREATE', 'model': 'Case', 'object_id': '2', 'description': 'Case créé', 'success': True, 'reason': None}
Audit: {'timestamp': '2026-05-30T12:37:06.473698+00:00', 'user': 'alert_user', 'action': 'ALERT', 'model': 'Case', 'object_id': '2', 'description': 'Évaluation du risque pour le dossier 2: HIGH', 'success': True, 'reason': 'ABSENCES GTE 20.00 -> HIGH: Absences très fréquentes (>=20); ABSENCES GTE 10.00 -> MEDIUM: Absences fréquentes (>=10)'}
Audit: {'timestamp': '2026-05-30T12:37:07.945930+00:00', 'user': 'alert_user', 'action': 'CREATE', 'model': 'Case', 'object_id': '2', 'description': 'Case créé', 'success': True, 'reason': None}
Audit: {'timestamp': '2026-05-30T12:37:07.949325+00:00', 'user': 'alert_user', 'action': 'ALERT', 'model': 'Case', 'object_id': '2', 'description': 'Évaluation du risque pour le dossier 2: HIGH', 'success': True, 'reason': 'ABSENCES GTE 20.00 -> HIGH: Absences très fréquentes (>=20); ABSENCES GTE 10.00 -> MEDIUM: Absences fréquentes (>=10)'}
Audit: {'timestamp': '2026-05-30T12:37:09.196741+00:00', 'user': 'alert_user', 'action': 'CREATE', 'model': 'Case', 'object_id': '2', 'description': 'Case créé', 'success': True, 'reason': None}
Audit: {'timestamp': '2026-05-30T12:37:09.200270+00:00', 'user': 'alert_user', 'action': 'ALERT', 'model': 'Case', 'object_id': '2', 'description': 'Évaluation du risque pour le dossier 2: HIGH', 'success': True, 'reason': 'ABSENCES GTE 20.00 -> HIGH: Absences très fréquentes (>=20); ABSENCES GTE 10.00 -> MEDIUM: Absences fréquentes (>=10)'}
Audit: {'timestamp': '2026-05-30T12:37:09.208735+00:00', 'user': 'alert_user', 'action': 'UPDATE', 'model': 'Alert', 'object_id': '2', 'description': 'Alerte résolue: 2', 'success': True, 'reason': None}
Audit: {'timestamp': '2026-05-30T12:37:09.827406+00:00', 'user': 'case_user', 'action': 'ALERT', 'model': 'Case', 'object_id': '1', 'description': 'Consultation dossier 1', 'success': True, 'reason': None}
Audit: {'timestamp': '2026-05-30T12:37:11.054351+00:00', 'user': 'case_user', 'action': 'CREATE', 'model': 'Case', 'object_id': '1', 'description': 'Case créé', 'success': True, 'reason': None}
Audit: {'timestamp': '2026-05-30T12:37:11.057829+00:00', 'user': 'case_user', 'action': 'ALERT', 'model': 'Case', 'object_id': '1', 'description': 'Évaluation du risque pour le dossier 1: HIGH', 'success': True, 'reason': 'ABSENCES GTE 20.00 -> HIGH: Absences très fréquentes (>=20); ABSENCES GTE 10.00 -> MEDIUM: Absences fréquentes (>=10)'}
Audit FAILURE: {'timestamp': '2026-05-30T12:37:12.912233+00:00', 'user': 'sup_api', 'action': 'UPDATE', 'model': 'Case', 'object_id': '1', 'description': 'Échec transition 1', 'success': False, 'reason': "['Transition invalide: impossible de passer de NEW à CLOSED.']"}
Audit FAILURE: {'timestamp': '2026-05-30T12:37:15.307432+00:00', 'user': 'sup_api', 'action': 'UPDATE', 'model': 'Case', 'object_id': '1', 'description': 'Transition invalide payload pour 1', 'success': False, 'reason': "{'non_field_errors': [ErrorDetail(string='Si une recommandation est fournie, une explication est requise.', code='invalid')]}"}
Audit: {'timestamp': '2026-05-30T12:37:16.540497+00:00', 'user': 'sup_api', 'action': 'UPDATE', 'model': 'Case', 'object_id': '1', 'description': 'Transition effectuée 1: ASSESSMENT', 'success': True, 'reason': None}
Audit: {'timestamp': '2026-05-30T12:37:17.764072+00:00', 'user': 'sup_api', 'action': 'UPDATE', 'model': 'Case', 'object_id': '1', 'description': 'Transition effectuée 1: ASSESSMENT', 'success': True, 'reason': None}
Audit FAILURE: {'timestamp': '2026-05-30T12:37:19.017993+00:00', 'user': 'sup_api', 'action': 'UPDATE', 'model': 'Case', 'object_id': '1', 'description': 'Transition invalide payload pour 1', 'success': False, 'reason': "{'reason': [ErrorDetail(string='Assurez-vous que ce champ comporte au moins 5\\xa0caractères.', code='min_length')]}"}
Audit: {'timestamp': '2026-05-30T12:37:19.617193+00:00', 'user': 'dash', 'action': 'ALERT', 'model': 'Dashboard', 'object_id': None, 'description': 'Récupération dashboard stats', 'success': True, 'reason': None}
Audit: {'timestamp': '2026-05-30T12:37:20.212934+00:00', 'user': 'hr_user', 'action': 'CREATE', 'model': 'HealthRecord', 'object_id': '1', 'description': 'HealthRecord créé 1', 'success': True, 'reason': None}
Audit: {'timestamp': '2026-05-30T12:37:21.641540+00:00', 'user': 'hr_user', 'action': 'CREATE', 'model': 'HealthRecord', 'object_id': '1', 'description': 'HealthRecord créé 1', 'success': True, 'reason': None}
Audit: {'timestamp': '2026-05-30T12:37:21.649632+00:00', 'user': 'hr_user', 'action': 'CREATE', 'model': 'HealthRecord', 'object_id': '2', 'description': 'HealthRecord créé 2', 'success': True, 'reason': None}
Audit: {'timestamp': '2026-05-30T12:37:21.654508+00:00', 'user': 'hr_user', 'action': 'ALERT', 'model': 'Case', 'object_id': '1', 'description': 'Alerte séances manquées pour le dossier 1: 2 séances manquées (seuil=2).', 'success': True, 'reason': None}
Audit: {'timestamp': '2026-05-30T12:37:24.032674+00:00', 'user': 'api_user', 'action': 'CREATE', 'model': 'Student', 'object_id': '1', 'description': 'Student créé: 1', 'success': True, 'reason': None}
Audit: {'timestamp': '2026-05-30T12:37:26.272899+00:00', 'user': 'auditor', 'action': 'CREATE', 'model': 'Case', 'object_id': '1', 'description': 'Test create', 'success': True, 'reason': None}
Audit: {'timestamp': '2026-05-30T12:37:27.021335+00:00', 'user': 'auditor', 'action': 'DELETE', 'model': 'Case', 'object_id': '3', 'description': 'Del', 'success': True, 'reason': None}
Audit FAILURE: {'timestamp': '2026-05-30T12:37:27.783178+00:00', 'user': 'auditor', 'action': 'UPDATE', 'model': 'Case', 'object_id': '2', 'description': 'Fail', 'success': False, 'reason': 'insuffisant'}
Audit: {'timestamp': '2026-05-30T12:37:30.757354+00:00', 'user': 'importer', 'action': 'IMPORT', 'model': 'Student', 'object_id': None, 'description': 'Import CSV type=EDUCATION: total=2, imported=2, errors=0', 'success': True, 'reason': None}
Audit: {'timestamp': '2026-05-30T12:37:40.417029+00:00', 'user': 'nurse', 'action': 'ALERT', 'model': 'Case', 'object_id': '1', 'description': 'Alerte séances manquées pour le dossier 1: 2 séances manquées (seuil=2).', 'success': True, 'reason': None}
Audit: {'timestamp': '2026-05-30T12:37:41.149747+00:00', 'user': 'nurse', 'action': 'ALERT', 'model': 'Case', 'object_id': '1', 'description': 'Alerte séances manquées pour le dossier 1: 2 séances manquées (seuil=2).', 'success': True, 'reason': None}
Audit: {'timestamp': '2026-05-30T12:37:41.927761+00:00', 'user': 'nurse', 'action': 'ALERT', 'model': 'Case', 'object_id': '1', 'description': 'Alerte séances manquées pour le dossier 1: 2 séances manquées (seuil=2).', 'success': True, 'reason': None}
Audit: {'timestamp': '2026-05-30T12:37:44.106167+00:00', 'user': 'analyst', 'action': 'ALERT', 'model': 'Case', 'object_id': '1', 'description': 'Évaluation du risque pour le dossier 1: HIGH', 'success': True, 'reason': 'ABSENCES GTE 20.00 -> HIGH: Absences très fréquentes (>=20); ABSENCES GTE 10.00 -> MEDIUM: Absences fréquentes (>=10)'}
Audit: {'timestamp': '2026-05-30T12:37:47.766694+00:00', 'user': 'analyst', 'action': 'ALERT', 'model': 'Case', 'object_id': '1', 'description': 'Évaluation du risque pour le dossier 1: MEDIUM', 'success': True, 'reason': 'ABSENCES GTE 10.00 -> MEDIUM: Absences fréquentes (>=10)'}
Audit FAILURE: {'timestamp': '2026-05-30T12:37:50.732261+00:00', 'user': 'op', 'action': 'ACCESS_DENIED', 'model': 'risk_threshold_list', 'object_id': None, 'description': "Tentative d'accès à /cases/thresholds/", 'success': False, 'reason': 'Accès refusé: rôle requis=SUPERVISOR, rôle actuel=OPERATOR'}
Audit FAILURE: {'timestamp': '2026-05-30T12:37:52.213397+00:00', 'user': 'op', 'action': 'ACCESS_DENIED', 'model': 'case_transition', 'object_id': None, 'description': "Tentative d'accès à /cases/1/transition/", 'success': False, 'reason': 'Accès refusé: rôle requis=SUPERVISOR, rôle actuel=OPERATOR'}
Audit: {'timestamp': '2026-05-30T12:43:50.047546+00:00', 'user': 'alert_user', 'action': 'CREATE', 'model': 'Case', 'object_id': '2', 'description': 'Case créé', 'success': True, 'reason': None}
Audit: {'timestamp': '2026-05-30T12:43:50.051333+00:00', 'user': 'alert_user', 'action': 'ALERT', 'model': 'Case', 'object_id': '2', 'description': 'Évaluation du risque pour le dossier 2: HIGH', 'success': True, 'reason': 'ABSENCES GTE 20.00 -> HIGH: Absences très fréquentes (>=20); ABSENCES GTE 10.00 -> MEDIUM: Absences fréquentes (>=10)'}
Audit: {'timestamp': '2026-05-30T12:43:51.031788+00:00', 'user': 'alert_user', 'action': 'CREATE', 'model': 'Case', 'object_id': '2', 'description': 'Case créé', 'success': True, 'reason': None}
Audit: {'timestamp': '2026-05-30T12:43:51.034736+00:00', 'user': 'alert_user', 'action': 'ALERT', 'model': 'Case', 'object_id': '2', 'description': 'Évaluation du risque pour le dossier 2: HIGH', 'success': True, 'reason': 'ABSENCES GTE 20.00 -> HIGH: Absences très fréquentes (>=20); ABSENCES GTE 10.00 -> MEDIUM: Absences fréquentes (>=10)'}
Audit: {'timestamp': '2026-05-30T12:43:51.988887+00:00', 'user': 'alert_user', 'action': 'CREATE', 'model': 'Case', 'object_id': '2', 'description': 'Case créé', 'success': True, 'reason': None}
Audit: {'timestamp': '2026-05-30T12:43:51.992056+00:00', 'user': 'alert_user', 'action': 'ALERT', 'model': 'Case', 'object_id': '2', 'description': 'Évaluation du risque pour le dossier 2: HIGH', 'success': True, 'reason': 'ABSENCES GTE 20.00 -> HIGH: Absences très fréquentes (>=20); ABSENCES GTE 10.00 -> MEDIUM: Absences fréquentes (>=10)'}
Audit: {'timestamp': '2026-05-30T12:43:51.998114+00:00', 'user': 'alert_user', 'action': 'UPDATE', 'model': 'Alert', 'object_id': '2', 'description': 'Alerte résolue: 2', 'success': True, 'reason': None}
Audit: {'timestamp': '2026-05-30T12:43:52.480299+00:00', 'user': 'case_user', 'action': 'ALERT', 'model': 'Case', 'object_id': '1', 'description': 'Consultation dossier 1', 'success': True, 'reason': None}
Audit: {'timestamp': '2026-05-30T12:43:53.533276+00:00', 'user': 'case_user', 'action': 'CREATE', 'model': 'Case', 'object_id': '1', 'description': 'Case créé', 'success': True, 'reason': None}
Audit: {'timestamp': '2026-05-30T12:43:53.536220+00:00', 'user': 'case_user', 'action': 'ALERT', 'model': 'Case', 'object_id': '1', 'description': 'Évaluation du risque pour le dossier 1: HIGH', 'success': True, 'reason': 'ABSENCES GTE 20.00 -> HIGH: Absences très fréquentes (>=20); ABSENCES GTE 10.00 -> MEDIUM: Absences fréquentes (>=10)'}
Audit FAILURE: {'timestamp': '2026-05-30T12:43:55.001096+00:00', 'user': 'sup_api', 'action': 'UPDATE', 'model': 'Case', 'object_id': '1', 'description': 'Échec transition 1', 'success': False, 'reason': "['Transition invalide: impossible de passer de NEW à CLOSED.']"}
Audit FAILURE: {'timestamp': '2026-05-30T12:43:56.911891+00:00', 'user': 'sup_api', 'action': 'UPDATE', 'model': 'Case', 'object_id': '1', 'description': 'Transition invalide payload pour 1', 'success': False, 'reason': "{'non_field_errors': [ErrorDetail(string='Si une recommandation est fournie, une explication est requise.', code='invalid')]}"}
Audit: {'timestamp': '2026-05-30T12:43:57.859697+00:00', 'user': 'sup_api', 'action': 'UPDATE', 'model': 'Case', 'object_id': '1', 'description': 'Transition effectuée 1: ASSESSMENT', 'success': True, 'reason': None}
Audit: {'timestamp': '2026-05-30T12:43:58.818986+00:00', 'user': 'sup_api', 'action': 'UPDATE', 'model': 'Case', 'object_id': '1', 'description': 'Transition effectuée 1: ASSESSMENT', 'success': True, 'reason': None}
Audit FAILURE: {'timestamp': '2026-05-30T12:43:59.777093+00:00', 'user': 'sup_api', 'action': 'UPDATE', 'model': 'Case', 'object_id': '1', 'description': 'Transition invalide payload pour 1', 'success': False, 'reason': "{'reason': [ErrorDetail(string='Assurez-vous que ce champ comporte au moins 5\\xa0caractères.', code='min_length')]}"}
Audit: {'timestamp': '2026-05-30T12:44:00.253752+00:00', 'user': 'dash', 'action': 'ALERT', 'model': 'Dashboard', 'object_id': None, 'description': 'Récupération dashboard stats', 'success': True, 'reason': None}
Audit: {'timestamp': '2026-05-30T12:44:00.734178+00:00', 'user': 'hr_user', 'action': 'CREATE', 'model': 'HealthRecord', 'object_id': '1', 'description': 'HealthRecord créé 1', 'success': True, 'reason': None}
Audit: {'timestamp': '2026-05-30T12:44:01.698063+00:00', 'user': 'hr_user', 'action': 'CREATE', 'model': 'HealthRecord', 'object_id': '1', 'description': 'HealthRecord créé 1', 'success': True, 'reason': None}
Audit: {'timestamp': '2026-05-30T12:44:01.701702+00:00', 'user': 'hr_user', 'action': 'CREATE', 'model': 'HealthRecord', 'object_id': '2', 'description': 'HealthRecord créé 2', 'success': True, 'reason': None}
Audit: {'timestamp': '2026-05-30T12:44:01.704635+00:00', 'user': 'hr_user', 'action': 'ALERT', 'model': 'Case', 'object_id': '1', 'description': 'Alerte séances manquées pour le dossier 1: 2 séances manquées (seuil=2).', 'success': True, 'reason': None}
Audit: {'timestamp': '2026-05-30T12:44:03.165476+00:00', 'user': 'api_user', 'action': 'CREATE', 'model': 'Student', 'object_id': '1', 'description': 'Student créé: 1', 'success': True, 'reason': None}
Audit: {'timestamp': '2026-05-30T12:44:04.601290+00:00', 'user': 'auditor', 'action': 'CREATE', 'model': 'Case', 'object_id': '1', 'description': 'Test create', 'success': True, 'reason': None}
Audit: {'timestamp': '2026-05-30T12:44:05.077035+00:00', 'user': 'auditor', 'action': 'DELETE', 'model': 'Case', 'object_id': '3', 'description': 'Del', 'success': True, 'reason': None}
Audit FAILURE: {'timestamp': '2026-05-30T12:44:05.550758+00:00', 'user': 'auditor', 'action': 'UPDATE', 'model': 'Case', 'object_id': '2', 'description': 'Fail', 'success': False, 'reason': 'insuffisant'}
Audit: {'timestamp': '2026-05-30T12:44:07.462557+00:00', 'user': 'importer', 'action': 'IMPORT', 'model': 'Student', 'object_id': None, 'description': 'Import CSV type=EDUCATION: total=2, imported=2, errors=0', 'success': True, 'reason': None}
Audit: {'timestamp': '2026-05-30T12:44:13.726838+00:00', 'user': 'nurse', 'action': 'ALERT', 'model': 'Case', 'object_id': '1', 'description': 'Alerte séances manquées pour le dossier 1: 2 séances manquées (seuil=2).', 'success': True, 'reason': None}
Audit: {'timestamp': '2026-05-30T12:44:14.217957+00:00', 'user': 'nurse', 'action': 'ALERT', 'model': 'Case', 'object_id': '1', 'description': 'Alerte séances manquées pour le dossier 1: 2 séances manquées (seuil=2).', 'success': True, 'reason': None}
Audit: {'timestamp': '2026-05-30T12:44:14.702970+00:00', 'user': 'nurse', 'action': 'ALERT', 'model': 'Case', 'object_id': '1', 'description': 'Alerte séances manquées pour le dossier 1: 2 séances manquées (seuil=2).', 'success': True, 'reason': None}
Audit: {'timestamp': '2026-05-30T12:44:16.143038+00:00', 'user': 'analyst', 'action': 'ALERT', 'model': 'Case', 'object_id': '1', 'description': 'Évaluation du risque pour le dossier 1: HIGH', 'success': True, 'reason': 'ABSENCES GTE 20.00 -> HIGH: Absences très fréquentes (>=20); ABSENCES GTE 10.00 -> MEDIUM: Absences fréquentes (>=10)'}
Audit: {'timestamp': '2026-05-30T12:44:18.521127+00:00', 'user': 'analyst', 'action': 'ALERT', 'model': 'Case', 'object_id': '1', 'description': 'Évaluation du risque pour le dossier 1: MEDIUM', 'success': True, 'reason': 'ABSENCES GTE 10.00 -> MEDIUM: Absences fréquentes (>=10)'}
Audit FAILURE: {'timestamp': '2026-05-30T12:44:20.468566+00:00', 'user': 'op', 'action': 'ACCESS_DENIED', 'model': 'risk_threshold_list', 'object_id': None, 'description': "Tentative d'accès à /cases/thresholds/", 'success': False, 'reason': 'Accès refusé: rôle requis=SUPERVISOR, rôle actuel=OPERATOR'}
Audit FAILURE: {'timestamp': '2026-05-30T12:44:21.418195+00:00', 'user': 'op', 'action': 'ACCESS_DENIED', 'model': 'case_transition', 'object_id': None, 'description': "Tentative d'accès à /cases/1/transition/", 'success': False, 'reason': 'Accès refusé: rôle requis=SUPERVISOR, rôle actuel=OPERATOR'}
Audit: {'timestamp': '2026-05-30T12:45:00.936426+00:00', 'user': 'alert_user', 'action': 'CREATE', 'model': 'Case', 'object_id': '2', 'description': 'Case créé', 'success': True, 'reason': None}
Audit: {'timestamp': '2026-05-30T12:45:00.939905+00:00', 'user': 'alert_user', 'action': 'ALERT', 'model': 'Case', 'object_id': '2', 'description': 'Évaluation du risque pour le dossier 2: HIGH', 'success': True, 'reason': 'ABSENCES GTE 20.00 -> HIGH: Absences très fréquentes (>=20); ABSENCES GTE 10.00 -> MEDIUM: Absences fréquentes (>=10)'}
Audit: {'timestamp': '2026-05-30T12:45:01.924429+00:00', 'user': 'alert_user', 'action': 'CREATE', 'model': 'Case', 'object_id': '2', 'description': 'Case créé', 'success': True, 'reason': None}
Audit: {'timestamp': '2026-05-30T12:45:01.927618+00:00', 'user': 'alert_user', 'action': 'ALERT', 'model': 'Case', 'object_id': '2', 'description': 'Évaluation du risque pour le dossier 2: HIGH', 'success': True, 'reason': 'ABSENCES GTE 20.00 -> HIGH: Absences très fréquentes (>=20); ABSENCES GTE 10.00 -> MEDIUM: Absences fréquentes (>=10)'}
Audit: {'timestamp': '2026-05-30T12:45:02.907088+00:00', 'user': 'alert_user', 'action': 'CREATE', 'model': 'Case', 'object_id': '2', 'description': 'Case créé', 'success': True, 'reason': None}
Audit: {'timestamp': '2026-05-30T12:45:02.909962+00:00', 'user': 'alert_user', 'action': 'ALERT', 'model': 'Case', 'object_id': '2', 'description': 'Évaluation du risque pour le dossier 2: HIGH', 'success': True, 'reason': 'ABSENCES GTE 20.00 -> HIGH: Absences très fréquentes (>=20); ABSENCES GTE 10.00 -> MEDIUM: Absences fréquentes (>=10)'}
Audit: {'timestamp': '2026-05-30T12:45:02.915740+00:00', 'user': 'alert_user', 'action': 'UPDATE', 'model': 'Alert', 'object_id': '2', 'description': 'Alerte résolue: 2', 'success': True, 'reason': None}
Audit: {'timestamp': '2026-05-30T12:45:03.405112+00:00', 'user': 'case_user', 'action': 'ALERT', 'model': 'Case', 'object_id': '1', 'description': 'Consultation dossier 1', 'success': True, 'reason': None}
Audit: {'timestamp': '2026-05-30T12:45:04.388756+00:00', 'user': 'case_user', 'action': 'CREATE', 'model': 'Case', 'object_id': '1', 'description': 'Case créé', 'success': True, 'reason': None}
Audit: {'timestamp': '2026-05-30T12:45:04.391403+00:00', 'user': 'case_user', 'action': 'ALERT', 'model': 'Case', 'object_id': '1', 'description': 'Évaluation du risque pour le dossier 1: HIGH', 'success': True, 'reason': 'ABSENCES GTE 20.00 -> HIGH: Absences très fréquentes (>=20); ABSENCES GTE 10.00 -> MEDIUM: Absences fréquentes (>=10)'}
Audit FAILURE: {'timestamp': '2026-05-30T12:45:05.849161+00:00', 'user': 'sup_api', 'action': 'UPDATE', 'model': 'Case', 'object_id': '1', 'description': 'Échec transition 1', 'success': False, 'reason': "['Transition invalide: impossible de passer de NEW à CLOSED.']"}
Audit FAILURE: {'timestamp': '2026-05-30T12:45:07.792672+00:00', 'user': 'sup_api', 'action': 'UPDATE', 'model': 'Case', 'object_id': '1', 'description': 'Transition invalide payload pour 1', 'success': False, 'reason': "{'non_field_errors': [ErrorDetail(string='Si une recommandation est fournie, une explication est requise.', code='invalid')]}"}
Audit: {'timestamp': '2026-05-30T12:45:08.767059+00:00', 'user': 'sup_api', 'action': 'UPDATE', 'model': 'Case', 'object_id': '1', 'description': 'Transition effectuée 1: ASSESSMENT', 'success': True, 'reason': None}
Audit: {'timestamp': '2026-05-30T12:45:09.733778+00:00', 'user': 'sup_api', 'action': 'UPDATE', 'model': 'Case', 'object_id': '1', 'description': 'Transition effectuée 1: ASSESSMENT', 'success': True, 'reason': None}
Audit FAILURE: {'timestamp': '2026-05-30T12:45:10.714442+00:00', 'user': 'sup_api', 'action': 'UPDATE', 'model': 'Case', 'object_id': '1', 'description': 'Transition invalide payload pour 1', 'success': False, 'reason': "{'reason': [ErrorDetail(string='Assurez-vous que ce champ comporte au moins 5\\xa0caractères.', code='min_length')]}"}
Audit: {'timestamp': '2026-05-30T12:45:11.197551+00:00', 'user': 'dash', 'action': 'ALERT', 'model': 'Dashboard', 'object_id': None, 'description': 'Récupération dashboard stats', 'success': True, 'reason': None}
Audit: {'timestamp': '2026-05-30T12:45:11.687003+00:00', 'user': 'hr_user', 'action': 'CREATE', 'model': 'HealthRecord', 'object_id': '1', 'description': 'HealthRecord créé 1', 'success': True, 'reason': None}
Audit: {'timestamp': '2026-05-30T12:45:12.659331+00:00', 'user': 'hr_user', 'action': 'CREATE', 'model': 'HealthRecord', 'object_id': '1', 'description': 'HealthRecord créé 1', 'success': True, 'reason': None}
Audit: {'timestamp': '2026-05-30T12:45:12.663960+00:00', 'user': 'hr_user', 'action': 'CREATE', 'model': 'HealthRecord', 'object_id': '2', 'description': 'HealthRecord créé 2', 'success': True, 'reason': None}
Audit: {'timestamp': '2026-05-30T12:45:12.666278+00:00', 'user': 'hr_user', 'action': 'ALERT', 'model': 'Case', 'object_id': '1', 'description': 'Alerte séances manquées pour le dossier 1: 2 séances manquées (seuil=2).', 'success': True, 'reason': None}
Audit: {'timestamp': '2026-05-30T12:45:14.122839+00:00', 'user': 'api_user', 'action': 'CREATE', 'model': 'Student', 'object_id': '1', 'description': 'Student créé: 1', 'success': True, 'reason': None}
Audit: {'timestamp': '2026-05-30T12:45:15.582806+00:00', 'user': 'auditor', 'action': 'CREATE', 'model': 'Case', 'object_id': '1', 'description': 'Test create', 'success': True, 'reason': None}
Audit: {'timestamp': '2026-05-30T12:45:16.075018+00:00', 'user': 'auditor', 'action': 'DELETE', 'model': 'Case', 'object_id': '3', 'description': 'Del', 'success': True, 'reason': None}
Audit FAILURE: {'timestamp': '2026-05-30T12:45:16.555575+00:00', 'user': 'auditor', 'action': 'UPDATE', 'model': 'Case', 'object_id': '2', 'description': 'Fail', 'success': False, 'reason': 'insuffisant'}
Audit: {'timestamp': '2026-05-30T12:45:18.492933+00:00', 'user': 'importer', 'action': 'IMPORT', 'model': 'Student', 'object_id': None, 'description': 'Import CSV type=EDUCATION: total=2, imported=2, errors=0', 'success': True, 'reason': None}
Audit: {'timestamp': '2026-05-30T12:45:24.827939+00:00', 'user': 'nurse', 'action': 'ALERT', 'model': 'Case', 'object_id': '1', 'description': 'Alerte séances manquées pour le dossier 1: 2 séances manquées (seuil=2).', 'success': True, 'reason': None}
Audit: {'timestamp': '2026-05-30T12:45:25.318890+00:00', 'user': 'nurse', 'action': 'ALERT', 'model': 'Case', 'object_id': '1', 'description': 'Alerte séances manquées pour le dossier 1: 2 séances manquées (seuil=2).', 'success': True, 'reason': None}
Audit: {'timestamp': '2026-05-30T12:45:25.805390+00:00', 'user': 'nurse', 'action': 'ALERT', 'model': 'Case', 'object_id': '1', 'description': 'Alerte séances manquées pour le dossier 1: 2 séances manquées (seuil=2).', 'success': True, 'reason': None}
Audit: {'timestamp': '2026-05-30T12:45:27.257979+00:00', 'user': 'analyst', 'action': 'ALERT', 'model': 'Case', 'object_id': '1', 'description': 'Évaluation du risque pour le dossier 1: HIGH', 'success': True, 'reason': 'ABSENCES GTE 20.00 -> HIGH: Absences très fréquentes (>=20); ABSENCES GTE 10.00 -> MEDIUM: Absences fréquentes (>=10)'}
Audit: {'timestamp': '2026-05-30T12:45:29.686528+00:00', 'user': 'analyst', 'action': 'ALERT', 'model': 'Case', 'object_id': '1', 'description': 'Évaluation du risque pour le dossier 1: MEDIUM', 'success': True, 'reason': 'ABSENCES GTE 10.00 -> MEDIUM: Absences fréquentes (>=10)'}
Audit FAILURE: {'timestamp': '2026-05-30T12:45:31.661422+00:00', 'user': 'op', 'action': 'ACCESS_DENIED', 'model': 'risk_threshold_list', 'object_id': None, 'description': "Tentative d'accès à /cases/thresholds/", 'success': False, 'reason': 'Accès refusé: rôle requis=SUPERVISOR, rôle actuel=OPERATOR'}
Audit FAILURE: {'timestamp': '2026-05-30T12:45:32.634523+00:00', 'user': 'op', 'action': 'ACCESS_DENIED', 'model': 'case_transition', 'object_id': None, 'description': "Tentative d'accès à /cases/1/transition/", 'success': False, 'reason': 'Accès refusé: rôle requis=SUPERVISOR, rôle actuel=OPERATOR'}
